---
source: flecs_ecs/examples/flecs/z_ignore_test_common.rs
expression: str_output
---
"non-skip archetype: examples.queries.query_change_tracking_1.Position, examples.queries.query_change_tracking_1.WorldPosition, (Identifier,Name)\nnon-skip archetype: examples.queries.query_change_tracking_1.Position, examples.queries.query_change_tracking_1.WorldPosition, (Identifier,Name), (ChildOf,parent)\nnon-skip archetype: examples.queries.query_change_tracking_1.Position, examples.queries.query_change_tracking_1.WorldPosition, examples.queries.query_change_tracking_1.DummyTag, (Identifier,Name)\nskip archetype: examples.queries.query_change_tracking_1.Position, examples.queries.query_change_tracking_1.WorldPosition, (Identifier,Name)\nnon-skip archetype: examples.queries.query_change_tracking_1.Position, examples.queries.query_change_tracking_1.WorldPosition, (Identifier,Name), (ChildOf,parent)\nskip archetype: examples.queries.query_change_tracking_1.Position, examples.queries.query_change_tracking_1.WorldPosition, examples.queries.query_change_tracking_1.DummyTag, (Identifier,Name)\n\nparent: WorldPosition { x: 100.0, y: 200.0 }\nchild: WorldPosition { x: 210.0, y: 410.0 }\nindependent: WorldPosition { x: 50.0, y: 30.0 }\nskip archetype: examples.queries.query_change_tracking_1.Position, examples.queries.query_change_tracking_1.WorldPosition, (Identifier,Name)\nskip archetype: examples.queries.query_change_tracking_1.Position, examples.queries.query_change_tracking_1.WorldPosition, (Identifier,Name), (ChildOf,parent)\nnon-skip archetype: examples.queries.query_change_tracking_1.Position, examples.queries.query_change_tracking_1.WorldPosition, examples.queries.query_change_tracking_1.DummyTag, (Identifier,Name)\n\nparent: WorldPosition { x: 100.0, y: 200.0 }\nchild: WorldPosition { x: 210.0, y: 410.0 }\nindependent: WorldPosition { x: 60.0, y: 40.0 }\n"
