---
source: flecs_ecs/examples/flecs/z_ignore_test_common.rs
expression: str_output
---
"Position { x: 1, y: 2 }, Velocity { x: 590, y: 20 }\n"
